14:35:45 **** Incremental Build of configuration Release for project Deliverable 2 ****
make -j8 all 
arm-none-eabi-gcc "../Core/Src/main.c" -mcpu=cortex-m4 -std=gnu11 -DUSE_HAL_DRIVER -DSTM32F334x8 -c -I../Core/Inc -I../Drivers/STM32F3xx_HAL_Driver/Inc -I../Drivers/STM32F3xx_HAL_Driver/Inc/Legacy -I../Drivers/CMSIS/Device/ST/STM32F3xx/Include -I../Drivers/CMSIS/Include -Os -ffunction-sections -fdata-sections -Wall -fstack-usage -MMD -MP -MF"Core/Src/main.d" -MT"Core/Src/main.o" --specs=nano.specs -mfpu=fpv4-sp-d16 -mfloat-abi=hard -mthumb -o "Core/Src/main.o"
../Core/Src/main.c:146:10: warning: 'displayNumber' defined but not used [-Wunused-function]
  146 |     void displayNumber(int number)
      |          ^~~~~~~~~~~~~
arm-none-eabi-gcc -o "Deliverable 2.elf" @"objects.list"   -mcpu=cortex-m4 -T"/home/bernat/STM32CubeIDE/workspace_1.10.1/Deliverable 2/STM32F334R8TX_FLASH.ld" --specs=nosys.specs -Wl,-Map="Deliverable 2.map" -Wl,--gc-sections -static --specs=nano.specs -mfpu=fpv4-sp-d16 -mfloat-abi=hard -mthumb -Wl,--start-group -lc -lm -Wl,--end-group
Finished building target: Deliverable 2.elf
 
arm-none-eabi-size   Deliverable\ 2.elf 
arm-none-eabi-objdump -h -S  Deliverable\ 2.elf  > "Deliverable 2.list"
   text	   data	    bss	    dec	    hex	filename
   6568	     20	   1780	   8368	   20b0	Deliverable 2.elf
Finished building: default.size.stdout
 
Finished building: Deliverable 2.list
 

14:35:46 Build Finished. 0 errors, 1 warnings. (took 320ms)

